// Vitest Snapshot v1, https://vitest.dev/guide/snapshot.html

exports[`App > hotkey 1`] = `
<DocumentFragment>
  <div
    class="MuiBox-root css-kvkzl0"
  >
    <div
      class="MuiGrid2-root MuiGrid2-container MuiGrid2-direction-xs-row MuiGrid2-spacing-xs-1 css-l8gw4m-MuiGrid2-root"
    >
      <div
        class="MuiGrid2-root MuiGrid2-direction-xs-row MuiGrid2-grid-xs-auto css-1djy14n-MuiGrid2-root"
      >
        <button
          class="MuiButtonBase-root MuiButton-root MuiButton-text MuiButton-textPrimary MuiButton-sizeMedium MuiButton-textSizeMedium MuiButton-colorPrimary MuiButton-root MuiButton-text MuiButton-textPrimary MuiButton-sizeMedium MuiButton-textSizeMedium MuiButton-colorPrimary css-1588512-MuiButtonBase-root-MuiButton-root"
          tabindex="0"
          type="button"
        >
          <svg
            aria-hidden="true"
            class="MuiSvgIcon-root MuiSvgIcon-fontSizeMedium css-1umw9bq-MuiSvgIcon-root"
            data-testid="AddBoxIcon"
            focusable="false"
            viewBox="0 0 24 24"
          >
            <path
              d="M19 3H5c-1.11 0-2 .9-2 2v14c0 1.1.89 2 2 2h14c1.1 0 2-.9 2-2V5c0-1.1-.9-2-2-2m-2 10h-4v4h-2v-4H7v-2h4V7h2v4h4z"
            />
          </svg>
        </button>
        <div
          class="MuiBox-root css-1sgu0ab"
        >
          <div
            class="MuiBox-root css-1qqo5vm"
          >
            <div
              class="MuiFormControl-root MuiTextField-root css-x5lmpp-MuiFormControl-root-MuiTextField-root"
            >
              <div
                class="MuiInputBase-root MuiOutlinedInput-root MuiInputBase-colorPrimary Mui-focused MuiInputBase-formControl css-quhxjy-MuiInputBase-root-MuiOutlinedInput-root"
              >
                <input
                  aria-invalid="false"
                  autocomplete="off"
                  class="MuiInputBase-input MuiOutlinedInput-input css-16wblaj-MuiInputBase-input-MuiOutlinedInput-input"
                  id=":r0:"
                  placeholder="/"
                  type="text"
                  value=""
                />
                <fieldset
                  aria-hidden="true"
                  class="MuiOutlinedInput-notchedOutline css-1ll44ll-MuiOutlinedInput-notchedOutline"
                >
                  <legend
                    class="css-w4cd9x"
                  >
                    <span
                      aria-hidden="true"
                      class="notranslate"
                    >
                      â€‹
                    </span>
                  </legend>
                </fieldset>
              </div>
            </div>
            <div
              class="MuiBox-root css-971pk6"
            />
          </div>
        </div>
      </div>
      <div
        class="MuiGrid2-root MuiGrid2-direction-xs-row MuiGrid2-grid-xs-grow css-36r1yx-MuiGrid2-root"
      >
        <div
          class="MuiStack-root css-7jr0kh-MuiStack-root"
        />
      </div>
    </div>
  </div>
</DocumentFragment>
`;
